// Vitest Snapshot v1, https://vitest.dev/guide/snapshot.html

exports[`Footer Component > should render the Footer component correctly 1`] = `
<div>
  <div
    class="_container_acfd2c"
  >
    <hr />
    <a
      data-discover="true"
      href="/"
    >
      <img
        alt="logo"
        class="_logoStyle_9e86a7"
        src="/src/assets/images/logo.png"
        style="width: 50px;"
      />
    </a>
  </div>
</div>
`;
